INFO:     2026-08-12 17:17:08 - [telegram_alerts.py:122] - Telegram alerts enabled
INFO:     2026-08-12 17:17:08 - [tools.py:252] - Dropped invalid assistant suggestion | field='leverage' raw_value='300'
INFO:     2026-08-12 17:17:08 - [tools.py:252] - Dropped invalid assistant suggestion | field='stakeAmount' raw_value='-50'
INFO:     2026-08-12 17:17:08 - [tools.py:252] - Dropped invalid assistant suggestion | field='filters' raw_value="[{'indicator': 'macd', 'timeframe': '5m', 'condition': 'less', 'value': 0}]"
WARNING:     2026-08-12 17:17:08 - [tools.py:235] - Assistant sent malformed suggest_settings arguments
INFO:     2026-08-12 17:17:29 - [telegram_alerts.py:122] - Telegram alerts enabled
INFO:     2026-08-12 17:17:29 - [auth_service.py:34] - User registered | user_id=1 email='test@test.com'
INFO:     2026-08-12 17:17:29 - [_client.py:1740] - HTTP Request: POST http://test/auth/register "HTTP/1.1 201 Created"
INFO:     2026-08-12 17:17:29 - [auth_service.py:34] - User registered | user_id=1 email='test@test.com'
INFO:     2026-08-12 17:17:29 - [_client.py:1740] - HTTP Request: POST http://test/auth/register "HTTP/1.1 201 Created"
WARNING:     2026-08-12 17:17:29 - [auth_service.py:17] - Registration failed: email already exists | email='test@test.com'
INFO:     2026-08-12 17:17:29 - [_client.py:1740] - HTTP Request: POST http://test/auth/register "HTTP/1.1 409 Conflict"
INFO:     2026-08-12 17:17:30 - [auth_service.py:34] - User registered | user_id=1 email='test@test.com'
INFO:     2026-08-12 17:17:30 - [_client.py:1740] - HTTP Request: POST http://test/auth/register "HTTP/1.1 201 Created"
INFO:     2026-08-12 17:17:30 - [auth_service.py:61] - User logged in | user_id=1
INFO:     2026-08-12 17:17:30 - [_client.py:1740] - HTTP Request: POST http://test/auth/login "HTTP/1.1 200 OK"
INFO:     2026-08-12 17:17:30 - [auth_service.py:34] - User registered | user_id=1 email='test@test.com'
INFO:     2026-08-12 17:17:30 - [_client.py:1740] - HTTP Request: POST http://test/auth/register "HTTP/1.1 201 Created"
WARNING:     2026-08-12 17:17:30 - [auth_service.py:52] - Login failed | email='test@test.com'
INFO:     2026-08-12 17:17:30 - [_client.py:1740] - HTTP Request: POST http://test/auth/login "HTTP/1.1 401 Unauthorized"
INFO:     2026-08-12 17:17:30 - [auth_service.py:34] - User registered | user_id=1 email='test@test.com'
INFO:     2026-08-12 17:17:30 - [_client.py:1740] - HTTP Request: POST http://test/auth/register "HTTP/1.1 201 Created"
INFO:     2026-08-12 17:17:30 - [_client.py:1740] - HTTP Request: GET http://test/auth/me "HTTP/1.1 200 OK"
INFO:     2026-08-12 17:17:30 - [_client.py:1740] - HTTP Request: GET http://test/auth/me "HTTP/1.1 401 Unauthorized"
INFO:     2026-08-12 17:17:30 - [tools.py:252] - Dropped invalid assistant suggestion | field='leverage' raw_value='300'
INFO:     2026-08-12 17:17:30 - [tools.py:252] - Dropped invalid assistant suggestion | field='stakeAmount' raw_value='-50'
INFO:     2026-08-12 17:17:30 - [tools.py:252] - Dropped invalid assistant suggestion | field='filters' raw_value="[{'indicator': 'macd', 'timeframe': '5m', 'condition': 'less', 'value': 0}]"
WARNING:     2026-08-12 17:17:31 - [tools.py:235] - Assistant sent malformed suggest_settings arguments
INFO:     2026-08-12 17:17:31 - [auth_service.py:34] - User registered | user_id=1 email='test@test.com'
INFO:     2026-08-12 17:17:31 - [auth_service.py:34] - User registered | user_id=1 email='test@test.com'
WARNING:     2026-08-12 17:17:31 - [auth_service.py:17] - Registration failed: email already exists | email='test@test.com'
INFO:     2026-08-12 17:17:31 - [auth_service.py:34] - User registered | user_id=1 email='test@test.com'
WARNING:     2026-08-12 17:17:32 - [auth_service.py:52] - Login failed | email='test@mail.ru'
WARNING:     2026-08-12 17:17:32 - [auth_service.py:52] - Login failed | email='thereisnoemaillikethat@mail.ru'
INFO:     2026-08-12 17:17:32 - [auth_service.py:61] - User logged in | user_id=1
INFO:     2026-08-12 17:17:32 - [commission_service.py:40] - Bot closed profitable deal | bot_id=None trade_id=1 profit=100.0 commission_usdt=10.0
INFO:     2026-08-12 17:17:32 - [commission_service.py:50] - Bot closed unprofitable deal | bot_id=None trade_id=1 profit=-100.0
WARNING:     2026-08-12 17:17:32 - [polling_worker.py:348] - Bot API is not responding | bot_id='bot-1' misses=1 max_misses=3 error='ConnectError: connection refused'
WARNING:     2026-08-12 17:17:32 - [polling_worker.py:348] - Bot API is not responding | bot_id='bot-1' misses=2 max_misses=3 error='ConnectError: connection refused'
WARNING:     2026-08-12 17:17:32 - [polling_worker.py:348] - Bot API is not responding | bot_id='bot-1' misses=1 max_misses=3 error='ConnectError: connection refused'
WARNING:     2026-08-12 17:17:32 - [polling_worker.py:348] - Bot API is not responding | bot_id='bot-1' misses=2 max_misses=3 error='ConnectError: connection refused'
WARNING:     2026-08-12 17:17:32 - [polling_worker.py:348] - Bot API is not responding | bot_id='bot-1' misses=3 max_misses=3 error='ConnectError: connection refused'
CRITICAL:     2026-08-12 17:17:32 - [polling_worker.py:294] - Bot stopped working | bot_id='bot-1' user_id=1 reason='Bot API is not responding for 90 seconds' detail='ConnectError: connection refused' container_status='running' container_logs_tail='Could not load markets'
CRITICAL:     2026-08-12 17:17:32 - [polling_worker.py:294] - Bot stopped working | bot_id='bot-1' user_id=1 reason='Bot API is not responding for 90 seconds' detail='ConnectError: connection refused' container_status='running' container_logs_tail='Could not load markets'
WARNING:     2026-08-12 17:17:32 - [polling_worker.py:348] - Bot API is not responding | bot_id='bot-1' misses=1 max_misses=3 error='ConnectError: connection refused'
CRITICAL:     2026-08-12 17:17:32 - [polling_worker.py:294] - Bot stopped working | bot_id='bot-1' user_id=1 reason='Freqtrade stopped trading (state: stopped)' detail=None container_status='running' container_logs_tail='Could not load markets'
INFO:     2026-08-12 17:17:32 - [stats_service.py:109] - Fetching bot stats | bot_id='bot-1' period_days=None
INFO:     2026-08-12 17:17:32 - [stats_service.py:141] - Bot stats calculated | bot_id='bot-1' trades_total=4 winrate=50.0
INFO:     2026-08-12 17:17:32 - [stats_service.py:109] - Fetching bot stats | bot_id='bot-1' period_days=None
INFO:     2026-08-12 17:17:32 - [stats_service.py:141] - Bot stats calculated | bot_id='bot-1' trades_total=1 winrate=0.0
INFO:     2026-08-12 17:17:32 - [stats_service.py:109] - Fetching bot stats | bot_id='bot-1' period_days=None
INFO:     2026-08-12 17:17:32 - [stats_service.py:141] - Bot stats calculated | bot_id='bot-1' trades_total=0 winrate=0.0
INFO:     2026-08-12 22:07:58 - [telegram_alerts.py:122] - Telegram alerts enabled
INFO:     2026-08-12 22:07:58 - [main.py:68] - BOTS_DATA_DIR = C:\програмирование\projects\Bot_Service\backend\bots_data
WARNING:     2026-08-12 22:07:58 - [main.py:73] - Не удалось подготовить Docker-сеть: Error while fetching server API version: (2, 'CreateFile', 'Не удается найти указанный файл.')
WARNING:     2026-08-12 22:07:58 - [main.py:74] - Убедись, что Docker Desktop запущен
INFO:     2026-08-12 22:07:58 - [polling_worker.py:394] - Polling worker started | interval_seconds=30
WARNING:     2026-08-12 22:08:24 - [auth_service.py:52] - Login failed | email='kholodaev10@mail.ru'
INFO:     2026-08-12 22:08:36 - [auth_service.py:61] - User logged in | user_id=1
INFO:     2026-08-12 22:08:37 - [stats_service.py:231] - Fetching home stats | user_id=1
INFO:     2026-08-12 22:08:37 - [stats_service.py:252] - Home stats calculated | user_id=1 bots_total=0 bots_running=0 weekly_profit=0
INFO:     2026-08-12 22:08:53 - [service.py:46] - Assistant request started | user_id=1 step=1 web_search=False history_len=1
INFO:     2026-08-12 22:08:57 - [_client.py:1740] - HTTP Request: POST https://api.aitunnel.ru/v1/chat/completions "HTTP/1.1 200 OK"
INFO:     2026-08-12 22:09:03 - [_client.py:1740] - HTTP Request: POST https://api.aitunnel.ru/v1/chat/completions "HTTP/1.1 200 OK"
INFO:     2026-08-12 22:10:34 - [service.py:46] - Assistant request started | user_id=1 step=4 web_search=True history_len=3
INFO:     2026-08-12 22:10:37 - [_client.py:1740] - HTTP Request: POST https://api.aitunnel.ru/v1/chat/completions "HTTP/1.1 200 OK"
INFO:     2026-08-12 22:10:44 - [_client.py:1740] - HTTP Request: POST https://api.aitunnel.ru/v1/chat/completions "HTTP/1.1 200 OK"
INFO:     2026-08-12 22:10:45 - [_client.py:1740] - HTTP Request: POST https://api.aitunnel.ru/v1/chat/completions "HTTP/1.1 200 OK"
INFO:     2026-08-12 22:10:57 - [service.py:46] - Assistant request started | user_id=1 step=4 web_search=True history_len=5
INFO:     2026-08-12 22:11:00 - [_client.py:1740] - HTTP Request: POST https://api.aitunnel.ru/v1/chat/completions "HTTP/1.1 200 OK"
INFO:     2026-08-12 22:11:04 - [_client.py:1740] - HTTP Request: POST https://api.aitunnel.ru/v1/chat/completions "HTTP/1.1 200 OK"
INFO:     2026-08-12 22:13:22 - [service.py:46] - Assistant request started | user_id=1 step=3 web_search=True history_len=1
INFO:     2026-08-12 22:13:24 - [_client.py:1740] - HTTP Request: POST https://api.aitunnel.ru/v1/chat/completions "HTTP/1.1 200 OK"
INFO:     2026-08-12 22:15:14 - [service.py:46] - Assistant request started | user_id=1 step=4 web_search=False history_len=3
INFO:     2026-08-12 22:15:16 - [_client.py:1740] - HTTP Request: POST https://api.aitunnel.ru/v1/chat/completions "HTTP/1.1 200 OK"
INFO:     2026-08-12 22:15:31 - [_client.py:1740] - HTTP Request: POST https://api.aitunnel.ru/v1/chat/completions "HTTP/1.1 200 OK"
